  console.log
    [Redis Cache] Global Cache TTL: 300 seconds (5 minutes)

      at Object.log (middleware/globalCacheMiddleware.js:4:9)

  console.log
    PostgreSQL database connected via Prisma

      at log (server.js:59:23)

  console.log
    ✓ 100 concurrent requests completed in 580ms

      at Object.log (tests/concurrency.test.js:86:15)

  console.log
    ✓ 50 API docs requests: 50 success in 345ms

      at Object.log (tests/concurrency.test.js:101:15)

  console.log
    ✓ 20 concurrent DB reads completed in 137ms: 20 success

      at Object.log (tests/concurrency.test.js:121:15)

  console.log
    ✓ 60 mixed operations completed in 365ms: 60 success

      at Object.log (tests/concurrency.test.js:141:15)

  console.log
    STATUS: 500 BODY: {"message":"\nInvalid `prisma.student.create()` invocation in\nC:\\new pull\\School-management-System-\\backend\\controllers\\studentController.js:544:38\n\n  541 let student;\n  542 \n  543 try {\n→ 544   student = await prisma.student.create(\nForeign key constraint violated on the constraint: `Student_branchId_fkey`"}

      at Object.log (tests/concurrency.test.js:189:17)

  console.log
    ✓ 10 concurrent student registrations completed in 7926ms:

      at Object.log (tests/concurrency.test.js:197:15)

  console.log
      - Success: 0

      at Object.log (tests/concurrency.test.js:198:15)

  console.log
      - Conflicts (duplicate): 0

      at Object.log (tests/concurrency.test.js:199:15)

  console.log
      - Errors: 10

      at Object.log (tests/concurrency.test.js:200:15)

node.exe : FAIL tests/concurrency.test.js (15.31 s)
At C:\Program Files\nodejs\npx.ps1:29 char:3
+   & $NODE_EXE $NPX_CLI_JS $args
+   ~~~~~~~~~~~~~~~~~~~~~~~~~~~~~
    + CategoryInfo          : NotSpecified: (FAIL tests/concurrency.test.js (15.31 s):String) [], RemoteException
    + FullyQualifiedErrorId : NativeCommandError
 
  Concurrency Tests
    HTTP Request Concurrency
      √ should handle 100 concurrent requests to root endpoint (714 ms)
      √ should handle 50 concurrent requests to API docs (400 ms)
    Database Read Concurrency
      √ should handle concurrent database reads via stats endpoint (160 ms)
    System Load Test
      √ should handle mixed concurrent operations (440 ms)
    Student Registration Concurrency
      × should handle concurrent student registrations (7942 ms)

  ● Concurrency Tests › Student Registration Concurrency › should handle concurrent student registrations

    expect(received).toBeGreaterThan(expected)

    Expected: > 0.8
    Received:   0

    [0m [90m 201 |[39m
     [90m 202 |[39m       [90m// At least 80% should succeed (some might fail due to validation)[39m
    [31m[1m>[22m[39m[90m 203 |[39m       expect(successCount [33m/[39m 
concurrentRegistrations)[33m.[39mtoBeGreaterThan([35m0.8[39m)[33m;[39m
     [90m     |[39m                                                      [31m[1m^[22m[39m
     [90m 204 |[39m       [90m// Should complete in reasonable time[39m
     [90m 205 |[39m       expect(totalTime)[33m.[39mtoBeLessThan([35m15000[39m)[33m;[39m [90m// Under 15 
seconds[39m
     [90m 206 |[39m     })[33m;[39m[0m

      at Object.toBeGreaterThan (tests/concurrency.test.js:203:54)

  console.log
    [Redis Cache] Global Cache TTL: 300 seconds (5 minutes)

      at Object.log (middleware/globalCacheMiddleware.js:4:9)

  console.log
    PostgreSQL database connected via Prisma

      at log (server.js:59:23)

PASS tests/students.test.js (8.264 s)
  Student API & Validation Tests
    GET /api/students
      √ should reject unauthenticated student queries with 401 (17 ms)
      √ should reject non-admin/non-staff student queries with 403 (3175 ms)
    POST /api/students (Registration / Creation)
      √ should reject student registration if payload is missing required attributes (3990 ms)
      √ should reject student registration if payload is missing required attributes (341 ms)

  console.log
    [Redis Cache] Global Cache TTL: 300 seconds (5 minutes)

      at Object.log (middleware/globalCacheMiddleware.js:4:9)

  console.error
    [auth error] [
      {
        "expected": "string",
        "code": "invalid_type",
        "path": [
          "password"
        ],
        "message": "Invalid input: expected string, received undefined"
      }
    ]

    [0m [90m  8 |[39m [90m// Sanitize errors before sending to client — never expose DB hostnames, file paths, or stack traces[39m
     [90m  9 |[39m [36mconst[39m safeError [33m=[39m (err[33m,[39m res) [33m=>[39m {
    [31m[1m>[22m[39m[90m 10 |[39m   console[33m.[39merror([32m'[auth error]'[39m[33m,[39m err[33m?[39m[33m.[39mmessage [33m||[39m err)[33m;[39m
     [90m    |[39m           [31m[1m^[22m[39m
     [90m 11 |[39m   [36mif[39m (err[33m?[39m[33m.[39mmessage[33m?[39m[33m.[39mincludes([32m"Can't reach database"[39m) [33m||[39m err[33m?[39m[33m.[39mcode [33m===[39m [32m'P1001'[39m) {
     [90m 12 |[39m     [36mreturn[39m res[33m.[39mstatus([35m503[39m)[33m.[39mjson({ message[33m:[39m [32m'Service temporarily unavailable. Please try again shortly.'[39m })[33m;[39m
     [90m 13 |[39m   }[0m

      at error (controllers/authController.js:10:11)
      at safeError (controllers/authController.js:170:5)
      at Layer.handle [as handle_request] (node_modules/express/lib/router/layer.js:95:5)
      at next (node_modules/express/lib/router/route.js:149:13)
      at Route.dispatch (node_modules/express/lib/router/route.js:119:3)
      at Layer.handle [as handle_request] (node_modules/express/lib/router/layer.js:95:5)
      at node_modules/express/lib/router/index.js:284:15
      at Function.process_params (node_modules/express/lib/router/index.js:346:12)
      at next (node_modules/express/lib/router/index.js:280:10)
      at Function.handle (node_modules/express/lib/router/index.js:175:3)
      at router (node_modules/express/lib/router/index.js:47:12)
      at Layer.handle [as handle_request] (node_modules/express/lib/router/layer.js:95:5)
      at trim_prefix (node_modules/express/lib/router/index.js:328:13)
      at node_modules/express/lib/router/index.js:286:9
      at Function.process_params (node_modules/express/lib/router/index.js:346:12)
      at next (node_modules/express/lib/router/index.js:280:10)
      at cookieParser (node_modules/cookie-parser/index.js:57:14)
      at Layer.handle [as handle_request] (node_modules/express/lib/router/layer.js:95:5)
      at trim_prefix (node_modules/express/lib/router/index.js:328:13)
      at node_modules/express/lib/router/index.js:286:9
      at Function.process_params (node_modules/express/lib/router/index.js:346:12)
      at next (node_modules/express/lib/router/index.js:280:10)
      at node_modules/body-parser/lib/read.js:137:5
      at invokeCallback (node_modules/raw-body/index.js:238:16)
      at done (node_modules/raw-body/index.js:227:7)
      at IncomingMessage.onEnd (node_modules/raw-body/index.js:287:7)

  console.log
    PostgreSQL database connected via Prisma

      at log (server.js:59:23)

PASS tests/auth.test.js (7.423 s)
  Authentication API Endpoint Tests
    POST /api/auth/login
      √ should return error status when required fields are missing (29 ms)
      √ should reject invalid user credentials gracefully (6702 ms)
    GET /api/auth/permissions/me (Protected Route)
      √ should deny access (401) when authorization header/token is missing (8 ms)

  console.log
    [Redis Cache] Global Cache TTL: 300 seconds (5 minutes)

      at Object.log (middleware/globalCacheMiddleware.js:4:9)

  console.error
    Prisma connection error: PrismaClientInitializationError: Can't reach database server at `ep-plain-smoke-ah8xgdxp-pooler.c-3.us-east-1.aws.neon.tech:5432`
    
    Please make sure your database server is running at `ep-plain-smoke-ah8xgdxp-pooler.c-3.us-east-1.aws.neon.tech:5432`.
        at r (C:\new pull\School-management-System-\backend\node_modules\@prisma\client\src\runtime\core\engines\library\LibraryEngine.ts:440:17) {
      clientVersion: '6.19.3',
      errorCode: 'P1001',
      retryable: undefined
    }

    [0m [90m 59 |[39m   [33m.[39mthen(() [33m=>[39m console[33m.[39mlog([32m'PostgreSQL database connected via Prisma'[39m))
     [90m 60 |[39m   [33m.[39m[36mcatch[39m(err [33m=>[39m {
    [31m[1m>[22m[39m[90m 61 |[39m     console[33m.[39merror([32m'Prisma connection error:'[39m[33m,[39m err)[33m;[39m
     [90m    |[39m             [31m[1m^[22m[39m
     [90m 62 |[39m     process[33m.[39mexit([35m1[39m)[33m;[39m [90m// Exit if DB connection fails to make sure server doesn't run in bad state[39m
     [90m 63 |[39m   })[33m;[39m
     [90m 64 |[39m[0m

      at error (server.js:61:13)

  ●  process.exit called with "1"

    [0m [90m 60 |[39m   [33m.[39m[36mcatch[39m(err [33m=>[39m {
     [90m 61 |[39m     console[33m.[39merror([32m'Prisma connection error:'[39m[33m,[39m err)[33m;[39m
    [31m[1m>[22m[39m[90m 62 |[39m     process[33m.[39mexit([35m1[39m)[33m;[39m [90m// Exit if DB 
connection fails to make sure server doesn't run in bad state[39m
     [90m    |[39m             [31m[1m^[22m[39m
     [90m 63 |[39m   })[33m;[39m
     [90m 64 |[39m
     [90m 65 |[39m [90m// Global Redis cache for GET JSON responses (branch + role based)[39m[0m

      at exit (server.js:62:13)
